spawn make CPUS=1 -f Makefile.test qemu-nox
qemu-system-i386 -nographic -drive file=fs.img,index=1,media=disk,format=raw -drive file=xv6.img,index=0,media=disk,format=raw -smp 1 -m 512 
xv6...
cpu0: starting 0
sb: size 1000 nblocks 941 ninodes 200 nlog 30 logstart 2 inodestart 32 bmap start 58
init: starting sh
$ test_7
.              1 1 512
..             1 1 512
README         2 2 2327
cat            2 3 12468
echo           2 4 11720
forktest       2 5 7016
grep           2 6 13844
init           2 7 12268
kill           2 8 11732
ln             2 9 11632
ls             2 10 13644
test_1         2 11 12060
test_2         2 12 12156
test_3         2 13 12076
test_4         2 14 12432
test_5         2 15 11844
test_6         2 16 11888
test_7         2 17 12520
test_8         2 18 12056
test_9         2 19 12056
test_10        2 20 12352
test_11        2 21 12676
test_12        2 22 12480
mkdir          2 23 11824
rm             2 24 11804
sh             2 25 20804
stressfs       2 26 12376
usertests      2 27 53400
wc             2 28 12912
zombie         2 29 11464
p5test         2 30 12156
console        3 31 0
Frames: DFFF PIDs: 1
Frames: DFC7 PIDs: 3
Frames: DFC6 PIDs: 3
Frames: DFC5 PIDs: 3
Frames: DFC4 PIDs: 3
Frames: DFC3 PIDs: 3
Frames: DFC2 PIDs: 3
Frames: DFC1 PIDs: 3
Frames: DFC0 PIDs: 3
Frames: DFBE PIDs: 2
Frames: DFBD PIDs: -2
Frames: DFBC PIDs: 3
Frames: DFBB PIDs: -2
Frames: DFBA PIDs: -2
Frames: DFB9 PIDs: -2
Frames: DFB8 PIDs: -2
Frames: DFB7 PIDs: -2
Frames: DFB6 PIDs: -2
Frames: DFB5 PIDs: -2
Frames: DFB4 PIDs: -2
Frames: DFB3 PIDs: -2
Frames: DFB2 PIDs: -2
Frames: DFB1 PIDs: -2
Frames: DFB0 PIDs: -2
Frames: DFAF PIDs: -2
Frames: DFAE PIDs: -2
Frames: DFAD PIDs: -2
Frames: DFAC PIDs: -2
Frames: DFAB PIDs: -2
Frames: DFAA PIDs: -2
Frames: DFA9 PIDs: -2
Frames: DFA8 PIDs: -2
Frames: DFA7 PIDs: -2
Frames: DFA6 PIDs: -2
Frames: DFA5 PIDs: -2
Frames: DFA4 PIDs: -2
Frames: DFA3 PIDs: -2
Frames: DFA2 PIDs: -2
Frames: DFA1 PIDs: -2
Frames: DFA0 PIDs: -2
Frames: DF9F PIDs: -2
Frames: DF9E PIDs: -2
Frames: DF9D PIDs: -2
Frames: DF9C PIDs: -2
Frames: DF9B PIDs: -2
Frames: DF9A PIDs: -2
Frames: DF99 PIDs: -2
Frames: DF98 PIDs: -2
Frames: DF97 PIDs: -2
Frames: DF96 PIDs: -2
Frames: DF95 PIDs: -2
Frames: DF94 PIDs: -2
Frames: DF93 PIDs: -2
Frames: DF92 PIDs: -2
Frames: DF91 PIDs: -2
Frames: DF90 PIDs: -2
Frames: DF8F PIDs: -2
Frames: DF8E PIDs: -2
Frames: DF8D PIDs: -2
Frames: DF8C PIDs: -2
Frames: DF8B PIDs: -2
Frames: DF8A PIDs: -2
Frames: DF89 PIDs: -2
Frames: DF88 PIDs: -2
Frames: DF87 PIDs: -2
Frames: DF86 PIDs: -2
Frames: DF85 PIDs: -2
Frames: DF84 PIDs: -2
Frames: DF83 PIDs: -2
Frames: DF82 PIDs: -2
Frames: DF81 PIDs: -2
Frames: DF80 PIDs: -2
Frames: DF7F PIDs: -2
Frames: DF7E PIDs: -2
Frames: DF7D PIDs: -2
Frames: DF7C PIDs: -2
Frames: DF7B PIDs: -2
Frames: DF7A PIDs: 1
Frames: DF79 PIDs: -2
Frames: DF78 PIDs: 1
Frames: DF77 PIDs: 1
Frames: DF73 PIDs: -2
Frames: DF72 PIDs: -2
Frames: DF71 PIDs: -2
Frames: DF70 PIDs: -2
Frames: DF6F PIDs: -2
Frames: DF6E PIDs: -2
Frames: DF6D PIDs: -2
Frames: DF6C PIDs: -2
Frames: DF6B PIDs: -2
Frames: DF6A PIDs: -2
Frames: DF69 PIDs: -2
Frames: DF68 PIDs: -2
Frames: DF67 PIDs: -2
Frames: DF66 PIDs: -2
Frames: DF65 PIDs: -2
Frames: DF64 PIDs: -2
Frames: DF63 PIDs: -2
Frames: DF62 PIDs: -2
Frames: DF61 PIDs: -2
Frames: DF60 PIDs: -2
Frames: DF5F PIDs: -2
Frames: DF5E PIDs: -2
Frames: DF5D PIDs: -2
Frames: DF5C PIDs: -2
Frames: DF5B PIDs: -2
Frames: DF5A PIDs: -2
Frames: DF59 PIDs: -2
Frames: DF58 PIDs: -2
Frames: DF57 PIDs: -2
Frames: DF56 PIDs: -2
Frames: DF55 PIDs: -2
Frames: DF54 PIDs: -2
Frames: DF53 PIDs: -2
Frames: DF52 PIDs: -2
Frames: DF51 PIDs: -2
Frames: DF50 PIDs: -2
Frames: DF4F PIDs: -2
Frames: DF4E PIDs: -2
Frames: DF4D PIDs: -2
Frames: DF4C PIDs: -2
Frames: DF4B PIDs: -2
Frames: DF4A PIDs: -2
Frames: DF49 PIDs: -2
Frames: DF48 PIDs: -2
Frames: DF47 PIDs: -2
Frames: DF46 PIDs: -2
Frames: DF45 PIDs: -2
Frames: DF44 PIDs: -2
Frames: DF43 PIDs: -2
Frames: DF42 PIDs: -2
Frames: DF41 PIDs: -2
Frames: DF40 PIDs: -2
Frames: DF3F PIDs: -2
Frames: DF3E PIDs: -2
Frames: DF3D PIDs: -2
Frames: DF3C PIDs: -2
Frames: DF3B PIDs: -2
Frames: DF3A PIDs: -2
Frames: DF39 PIDs: -2
Frames: DF38 PIDs: -2
Frames: DF37 PIDs: -2
Frames: DF36 PIDs: -2
Frames: DF35 PIDs: -2
Frames: DF34 PIDs: -2
Frames: DF33 PIDs: -2
Frames: DF32 PIDs: 2
Frames: DF31 PIDs: -2
Frames: DF30 PIDs: 2
Frames: DF2F PIDs: 2
Frames: DF2E PIDs: 2
Frames: DF2D PIDs: -2
Frames: DF21 PIDs: -2
Frames: DF20 PIDs: -2
Frames: DF1F PIDs: -2
Frames: DF1E PIDs: -2
Frames: DF1D PIDs: -2
Frames: DF1C PIDs: -2
Frames: DF1B PIDs: -2
Frames: DF1A PIDs: -2
Frames: DF19 PIDs: -2
Frames: DF18 PIDs: -2
Frames: DF17 PIDs: -2
Frames: DF16 PIDs: -2
Frames: DF15 PIDs: -2
Frames: DF14 PIDs: -2
Frames: DF13 PIDs: -2
Frames: DF12 PIDs: -2
Frames: DF11 PIDs: -2
Frames: DF10 PIDs: -2
Frames: DF0F PIDs: -2
Frames: DF0E PIDs: -2
Frames: DF0D PIDs: -2
Frames: DF0C PIDs: -2
Frames: DF0B PIDs: -2
Frames: DF0A PIDs: -2
Frames: DF09 PIDs: -2
Frames: DF08 PIDs: -2
Frames: DF07 PIDs: -2
Frames: DF06 PIDs: -2
Frames: DF05 PIDs: -2
Frames: DF04 PIDs: -2
Frames: DF03 PIDs: -2
Frames: DF02 PIDs: -2
Frames: DF01 PIDs: -2
Frames: DF00 PIDs: -2
Frames: DEFF PIDs: -2
Frames: DEFE PIDs: -2
Frames: DEFD PIDs: -2
Frames: DEFC PIDs: -2
Frames: DEFB PIDs: -2
Frames: DEFA PIDs: -2
Frames: DEF9 PIDs: -2
Frames: DEF8 PIDs: -2
Frames: DEF7 PIDs: -2
Frames: DEF6 PIDs: -2
Frames: DEF5 PIDs: -2
Frames: DEF4 PIDs: -2
Frames: DEF3 PIDs: -2
Frames: DEF2 PIDs: -2
Frames: DEF1 PIDs: -2
Frames: DEF0 PIDs: -2
Frames: DEEF PIDs: -2
Frames: DEEE PIDs: -2
Frames: DEED PIDs: -2
Frames: DEEC PIDs: -2
Frames: DEEB PIDs: -2
Frames: DEEA PIDs: -2
Frames: DEE9 PIDs: -2
Frames: DEE8 PIDs: -2
Frames: DEE7 PIDs: -2
Frames: DEE6 PIDs: -2
Frames: DEE5 PIDs: -2
Frames: DEE4 PIDs: -2
Frames: DEE3 PIDs: -2
Frames: DEE2 PIDs: 3
Frames: DEE1 PIDs: -2
Frames: DEE0 PIDs: 3
Frames: DEDF PIDs: 3
Frames: FFFFFFFF PIDs: -1
Frames: FFFFFFFF PIDs: -1
Frames: FFFFFFFF PIDs: -1
Frames: FFFFFFFF PIDs: -1
Frames: FFFFFFFF PIDs: -1
Frames: FFFFFFFF PIDs: -1
Frames: FFFFFFFF PIDs: -1
Frames: FFFFFFFF PIDs: -1
Frames: FFFFFFFF PIDs: -1
Frames: FFFFFFFF PIDs: -1
Frames: FFFFFFFF PIDs: -1
Frames: FFFFFFFF PIDs: -1
Frames: FFFFFFFF PIDs: -1
Frames: FFFFFFFF PIDs: -1
Frames: FFFFFFFF PIDs: -1
Frames: FFFFFFFF PIDs: -1
Frames: FFFFFFFF PIDs: -1
Frames: FFFFFFFF PIDs: -1
Frames: FFFFFFFF PIDs: -1
Frames: FFFFFFFF PIDs: -1
Frames: FFFFFFFF PIDs: -1
Frames: FFFFFFFF PIDs: -1
Frames: FFFFFFFF PIDs: -1
Frames: FFFFFFFF PIDs: -1
Frames: FFFFFFFF PIDs: -1
Frames: FFFFFFFF PIDs: -1
Frames: FFFFFFFF PIDs: -1
Frames: FFFFFFFF PIDs: -1
Frames: FFFFFFFF PIDs: -1
Frames: FFFFFFFF PIDs: -1
Frames: FFFFFFFF PIDs: -1
Frames: FFFFFFFF PIDs: -1
Frames: FFFFFFFF PIDs: -1
Frames: FFFFFFFF PIDs: -1
Frames: FFFFFFFF PIDs: -1
Frames: FFFFFFFF PIDs: -1
Frames: FFFFFFFF PIDs: -1
Frames: FFFFFFFF PIDs: -1
Frames: FFFFFFFF PIDs: -1
Frames: FFFFFFFF PIDs: -1
Frames: FFFFFFFF PIDs: -1
Frames: FFFFFFFF PIDs: -1
Frames: FFFFFFFF PIDs: -1
Frames: FFFFFFFF PIDs: -1
Frames: FFFFFFFF PIDs: -1
Frames: FFFFFFFF PIDs: -1
Frames: FFFFFFFF PIDs: -1
Frames: FFFFFFFF PIDs: -1
Frames: FFFFFFFF PIDs: -1
Frames: FFFFFFFF PIDs: -1
Frames: FFFFFFFF PIDs: -1
Frames: FFFFFFFF PIDs: -1
Frames: FFFFFFFF PIDs: -1
Frames: FFFFFFFF PIDs: -1
Frames: FFFFFFFF PIDs: -1
Frames: FFFFFFFF PIDs: -1
Frames: FFFFFFFF PIDs: -1
Frames: FFFFFFFF PIDs: -1
Frames: FFFFFFFF PIDs: -1
Frames: FFFFFFFF PIDs: -1
Frames: FFFFFFFF PIDs: -1
Frames: FFFFFFFF PIDs: -1
Frames: FFFFFFFF PIDs: -1
Frames: FFFFFFFF PIDs: -1
Frames: FFFFFFFF PIDs: -1
Frames: FFFFFFFF PIDs: -1
Frames: FFFFFFFF PIDs: -1
Frames: FFFFFFFF PIDs: -1
Frames: FFFFFFFF PIDs: -1
Frames: FFFFFFFF PIDs: -1
Frames: FFFFFFFF PIDs: -1
Frames: FFFFFFFF PIDs: -1
Frames: FFFFFFFF PIDs: -1
Frames: FFFFFFFF PIDs: -1
Frames: FFFFFFFF PIDs: -1
Frames: FFFFFFFF PIDs: -1
Frames: FFFFFFFF PIDs: -1
Frames: FFFFFFFF PIDs: -1
Frames: FFFFFFFF PIDs: -1
Frames: FFFFFFFF PIDs: -1
Frames: FFFFFFFF PIDs: -1
Frames: FFFFFFFF PIDs: -1
Frames: FFFFFFFF PIDs: -1
Frames: FFFFFFFF PIDs: -1
Frames: FFFFFFFF PIDs: -1
Frames: FFFFFFFF PIDs: -1
Frames: FFFFFFFF PIDs: -1
Frames: FFFFFFFF PIDs: -1
Frames: FFFFFFFF PIDs: -1
Frames: FFFFFFFF PIDs: -1
Frames: FFFFFFFF PIDs: -1
Frames: FFFFFFFF PIDs: -1
Frames: FFFFFFFF PIDs: -1
Frames: FFFFFFFF PIDs: -1
Frames: FFFFFFFF PIDs: -1
Frames: FFFFFFFF PIDs: -1
Frames: FFFFFFFF PIDs: -1
Frames: FFFFFFFF PIDs: -1
Frames: FFFFFFFF PIDs: -1
Frames: FFFFFFFF PIDs: -1
Frames: FFFFFFFF PIDs: -1
Frames: FFFFFFFF PIDs: -1
Frames: FFFFFFFF PIDs: -1
Frames: FFFFFFFF PIDs: -1
Frames: FFFFFFFF PIDs: -1
Frames: FFFFFFFF PIDs: -1
Frames: FFFFFFFF PIDs: -1
Frames: FFFFFFFF PIDs: -1
Frames: FFFFFFFF PIDs: -1
Frames: FFFFFFFF PIDs: -1
Frames: FFFFFFFF PIDs: -1
Frames: FFFFFFFF PIDs: -1
Frames: FFFFFFFF PIDs: -1
Frames: FFFFFFFF PIDs: -1
Frames: FFFFFFFF PIDs: -1
Frames: FFFFFFFF PIDs: -1
Frames: FFFFFFFF PIDs: -1
Frames: FFFFFFFF PIDs: -1
Frames: FFFFFFFF PIDs: -1
Frames: FFFFFFFF PIDs: -1
Frames: FFFFFFFF PIDs: -1
Frames: FFFFFFFF PIDs: -1
Frames: FFFFFFFF PIDs: -1
Frames: FFFFFFFF PIDs: -1
Frames: FFFFFFFF PIDs: -1
Frames: FFFFFFFF PIDs: -1
Frames: FFFFFFFF PIDs: -1
Frames: FFFFFFFF PIDs: -1
Frames: FFFFFFFF PIDs: -1
Frames: FFFFFFFF PIDs: -1
Frames: FFFFFFFF PIDs: -1
Frames: FFFFFFFF PIDs: -1
Frames: FFFFFFFF PIDs: -1
Frames: FFFFFFFF PIDs: -1
Frames: FFFFFFFF PIDs: -1
Frames: FFFFFFFF PIDs: -1
Frames: FFFFFFFF PIDs: -1
Frames: FFFFFFFF PIDs: -1
Frames: FFFFFFFF PIDs: -1
Frames: FFFFFFFF PIDs: -1
Frames: FFFFFFFF PIDs: -1
Frames: FFFFFFFF PIDs: -1
Frames: FFFFFFFF PIDs: -1
Frames: FFFFFFFF PIDs: -1
Frames: FFFFFFFF PIDs: -1
Frames: FFFFFFFF PIDs: -1
Frames: FFFFFFFF PIDs: -1
Frames: 0 PIDs: 0
Frames: 0 PIDs: 0
Frames: 0 PIDs: 0
Frames: 0 PIDs: 0
Frames: 0 PIDs: 0
Frames: 0 PIDs: 0
Frames: 0 PIDs: 0
Frames: 0 PIDs: 0
Frames: 0 PIDs: 0
Frames: 0 PIDs: 0
Frames: 0 PIDs: 0
Frames: 0 PIDs: 0
Frames: 0 PIDs: 0
Frames: 0 PIDs: 0
Frames: 0 PIDs: 0
Frames: 0 PIDs: 0
Frames: 0 PIDs: 0
Frames: 0 PIDs: 0
Frames: 0 PIDs: 0
Frames: 0 PIDs: 0
Frames: 0 PIDs: 0
Frames: 0 PIDs: 0
Frames: 0 PIDs: 0
Frames: 0 PIDs: 0
Frames: 0 PIDs: 0
Frames: 0 PIDs: 0
Frames: 0 PIDs: 0
Frames: 0 PIDs: 0
Frames: 0 PIDs: 0
Frames: 0 PIDs: 0
Frames: 0 PIDs: 0
Frames: 0 PIDs: 0
Frames: 0 PIDs: 0
Frames: 0 PIDs: 0
Frames: 0 PIDs: 0
Frames: 0 PIDs: 0
Frames: 0 PIDs: 0
Frames: 0 PIDs: 0
Frames: 0 PIDs: 0
Frames: 0 PIDs: 0
Frames: 0 PIDs: 0
Frames: 0 PIDs: 0
Frames: 0 PIDs: 0
Frames: 0 PIDs: 0
Frames: 0 PIDs: 0
Frames: 0 PIDs: 0
Frames: 0 PIDs: 0
Frames: 0 PIDs: 0
Frames: 0 PIDs: 0
Frames: 0 PIDs: 0
Frames: 0 PIDs: 0
Frames: 0 PIDs: 0
Frames: 0 PIDs: 0
Frames: 0 PIDs: 0
Frames: 0 PIDs: 0
Frames: 0 PIDs: 0
Frames: 0 PIDs: 0
Frames: 0 PIDs: 0
Frames: 0 PIDs: 0
Frames: 0 PIDs: 0
Frames: 0 PIDs: 0
Frames: 0 PIDs: 0
Frames: 0 PIDs: 0
Frames: 0 PIDs: 0
Frames: 0 PIDs: 0
Frames: 0 PIDs: 0
Frames: 0 PIDs: 0
Frames: 0 PIDs: 0
Frames: 0 PIDs: 0
Frames: 0 PIDs: 0
Frames: 0 PIDs: 0
Frames: 0 PIDs: 0
Frames: 0 PIDs: 0
Frames: 0 PIDs: 0
Frames: 0 PIDs: 0
Frames: 0 PIDs: 0
Frames: 0 PIDs: 0
Frames: 0 PIDs: 0
Frames: 0 PIDs: 0
Frames: 0 PIDs: 0
Frames: 0 PIDs: 0
Frames: 0 PIDs: 0
Frames: 0 PIDs: 0
Frames: 0 PIDs: 0
Frames: 0 PIDs: 0
Frames: 0 PIDs: 0
Frames: 0 PIDs: 0
Frames: 0 PIDs: 0
Frames: 0 PIDs: 0
Frames: 0 PIDs: 0
Frames: 0 PIDs: 0
Frames: 0 PIDs: 0
Frames: 0 PIDs: 0
Frames: 0 PIDs: 0
Frames: 0 PIDs: 0
Frames: 0 PIDs: 0
Frames: 0 PIDs: 0
Frames: 0 PIDs: 0
Frames: 0 PIDs: 0
Frames: 0 PIDs: 0
Frames: 0 PIDs: 0
Frames: 0 PIDs: 0
Frames: 0 PIDs: 0
Frames: 0 PIDs: 0
Frames: 0 PIDs: 0
Frames: 0 PIDs: 0
Frames: 0 PIDs: 0
Frames: 0 PIDs: 0
Frames: 0 PIDs: 0
Frames: 0 PIDs: 0
Frames: 0 PIDs: 0
Frames: 0 PIDs: 0
Frames: 0 PIDs: 0
Frames: 0 PIDs: 0
Frames: 0 PIDs: 0
Frames: 0 PIDs: 0
Frames: 0 PIDs: 0
Frames: 0 PIDs: 0
Frames: 0 PIDs: 0
Frames: 0 PIDs: 0
Frames: 0 PIDs: 0
Frames: 0 PIDs: 0
Frames: 0 PIDs: 0
Frames: 0 PIDs: 0
Frames: 0 PIDs: 0
Frames: 0 PIDs: 0
Frames: 0 PIDs: 0
Frames: 0 PIDs: 0
Frames: 0 PIDs: 0
Frames: 0 PIDs: 0
Frames: 0 PIDs: 0
Frames: 0 PIDs: 0
Frames: 0 PIDs: 0
Frames: 0 PIDs: 0
Frames: 0 PIDs: 0
Frames: 0 PIDs: 0
Frames: 0 PIDs: 0
Frames: 0 PIDs: 0
Frames: 0 PIDs: 0
Frames: 0 PIDs: 0
Frames: 0 PIDs: 0
Frames: 0 PIDs: 0
Frames: 0 PIDs: 0
Frames: 0 PIDs: 0
Frames: 0 PIDs: 0
Frames: 0 PIDs: 0
Frames: 0 PIDs: 0
Frames: 0 PIDs: 0
Frames: 0 PIDs: 0
Frames: 0 PIDs: 0
Frames: 0 PIDs: 0
Frames: 0 PIDs: 0
Frames: 0 PIDs: 0
Frames: 0 PIDs: 0
Frames: 0 PIDs: 0
Frames: 0 PIDs: 0
Frames: 0 PIDs: 0
Frames: 0 PIDs: 0
Frames: 0 PIDs: 0
Frames: 0 PIDs: 0
Frames: 0 PIDs: 0
Frames: 0 PIDs: 0
Frames: 0 PIDs: 0
Frames: 0 PIDs: 0
Frames: 0 PIDs: 0
Frames: 0 PIDs: 0
Frames: 0 PIDs: 0
Frames: 0 PIDs: 0
Frames: 0 PIDs: 0
Frames: 0 PIDs: 0
Frames: 0 PIDs: 0
Frames: 0 PIDs: 0
Frames: 0 PIDs: 0
Frames: 0 PIDs: 0
Frames: 0 PIDs: 0
Frames: 0 PIDs: 0
Frames: 0 PIDs: 0
Frames: 0 PIDs: 0
Frames: 0 PIDs: 0
Frames: 0 PIDs: 0
Frames: 0 PIDs: 0
Frames: 0 PIDs: 0
Frames: 0 PIDs: 0
Frames: 0 PIDs: 0
Frames: 0 PIDs: 0
Frames: 0 PIDs: 0
Frames: 0 PIDs: 0
Frames: 0 PIDs: 0
Frames: 0 PIDs: 0
Frames: 0 PIDs: 0
Frames: 0 PIDs: 0
Frames: 0 PIDs: 0
Frames: 0 PIDs: 0
Frames: 0 PIDs: 0
Frames: 0 PIDs: 0
Frames: 0 PIDs: 0
Frames: 0 PIDs: 0
Frames: 0 PIDs: 0
Frames: 0 PIDs: 0
Frames: 0 PIDs: 0
Frames: 0 PIDs: 0
Frames: 0 PIDs: 0
Frames: 0 PIDs: 0
Frames: 0 PIDs: 0
Frames: 0 PIDs: 0
Frames: 0 PIDs: 0
Frames: 0 PIDs: 0
Frames: 0 PIDs: 0
Frames: 0 PIDs: 0
Frames: 0 PIDs: 0
Frames: 0 PIDs: 0
Frames: 0 PIDs: 0
Frames: 0 PIDs: 0
Frames: 0 PIDs: 0
Frames: 0 PIDs: 0
Frames: 0 PIDs: 0
Frames: 0 PIDs: 0
Frames: 0 PIDs: 0
Frames: 0 PIDs: 0
Frames: 0 PIDs: 0
Frames: 0 PIDs: 0
Frames: 0 PIDs: 0
Frames: 0 PIDs: 0
Frames: 0 PIDs: 0
Frames: 0 PIDs: 0
Frames: 0 PIDs: 0
Frames: 0 PIDs: 0
Frames: 0 PIDs: 0
Frames: 0 PIDs: 0
Frames: 0 PIDs: 0
Frames: 0 PIDs: 0
Frames: 0 PIDs: 0
Frames: 0 PIDs: 0
Frames: 0 PIDs: 0
Frames: 0 PIDs: 0
Frames: 0 PIDs: 0
Frames: 0 PIDs: 0
Frames: 0 PIDs: 0
Frames: 0 PIDs: 0
Frames: 0 PIDs: 0
Frames: 0 PIDs: 0
Frames: 0 PIDs: 0
Frames: 0 PIDs: 0
Frames: 0 PIDs: 0
Frames: 0 PIDs: 0
Frames: 0 PIDs: 0
Frames: 0 PIDs: 0
Frames: 0 PIDs: 0
Frames: 0 PIDs: 0
Frames: 0 PIDs: 0
Frames: 0 PIDs: 0
Frames: 0 PIDs: 0
Frames: 0 PIDs: 0
Frames: 0 PIDs: 0
Frames: 0 PIDs: 0
Frames: 0 PIDs: 0
Frames: 0 PIDs: 0
Frames: 0 PIDs: 0
Frames: 0 PIDs: 0
Frames: 0 PIDs: 0
Frames: 0 PIDs: 0
Frames: 0 PIDs: 0
Frames: 0 PIDs: 0
Frames: 0 PIDs: 0
Frames: 0 PIDs: 0
Frames: 0 PIDs: 0
Frames: 0 PIDs: 0
Frames: 0 PIDs: 0
Frames: 0 PIDs: 0
Frames: 0 PIDs: 0
Frames: 0 PIDs: 0
Frames: 0 PIDs: 0
Frames: 0 PIDs: 0
Frames: 0 PIDs: 0
Frames: 0 PIDs: 0
Frames: 0 PIDs: 0
Frames: 0 PIDs: 0
Frames: 0 PIDs: 0
Frames: 0 PIDs: 0
Frames: 0 PIDs: 0
Frames: 0 PIDs: 0
Frames: 0 PIDs: 0
Frames: 0 PIDs: 0
Frames: 0 PIDs: 0
Frames: 0 PIDs: 0
Frames: 0 PIDs: 0
Frames: 0 PIDs: 0
Frames: 0 PIDs: 0
Frames: 0 PIDs: 0
Frames: 0 PIDs: 0
Frames: 0 PIDs: 0
Frames: 0 PIDs: 0
Frames: 0 PIDs: 0
Frames: 0 PIDs: 0
Frames: 0 PIDs: 0
Frames: 0 PIDs: 0
Frames: 0 PIDs: 0
Frames: 0 PIDs: 0
Frames: 0 PIDs: 0
Frames: 0 PIDs: 0
Frames: 0 PIDs: 0
Frames: 0 PIDs: 0
Frames: 0 PIDs: 0
Frames: 0 PIDs: 0
Frames: 0 PIDs: 0
Frames: 0 PIDs: 0
Frames: 0 PIDs: 0
Frames: 0 PIDs: 0
Frames: 0 PIDs: 0
Frames: 0 PIDs: 0
Frames: 0 PIDs: 0
Frames: 0 PIDs: 0
Frames: 0 PIDs: 0
Frames: 0 PIDs: 0
Frames: 0 PIDs: 0
Frames: 0 PIDs: 0
Frames: 0 PIDs: 0
Frames: 0 PIDs: 0
Frames: 0 PIDs: 0
Frames: 0 PIDs: 0
Frames: 0 PIDs: 0
Frames: 0 PIDs: 0
Frames: 0 PIDs: 0
Frames: 0 PIDs: 0
Frames: 0 PIDs: 0
Frames: 0 PIDs: 0
Frames: 0 PIDs: 0
Frames: 0 PIDs: 0
Frames: 0 PIDs: 0
Frames: 0 PIDs: 0
Frames: 0 PIDs: 0
Frames: 0 PIDs: 0
Frames: 0 PIDs: 0
Frames: 0 PIDs: 0
Frames: 0 PIDs: 0
Frames: 0 PIDs: 0
Frames: 0 PIDs: 0
Frames: 0 PIDs: 0
Frames: 0 PIDs: 0
Frames: 0 PIDs: 0
Frames: 0 PIDs: 0
Frames: 0 PIDs: 0
Frames: 0 PIDs: 0
Frames: 0 PIDs: 0
Frames: 0 PIDs: 0
Frames: 0 PIDs: 0
Frames: 0 PIDs: 0
Frames: 0 PIDs: 0
Frames: 0 PIDs: 0
Frames: 0 PIDs: 0
Frames: 0 PIDs: 0
Frames: 0 PIDs: 0
Frames: 0 PIDs: 0
Frames: 0 PIDs: 0
Frames: 0 PIDs: 0
Frames: 0 PIDs: 0
Frames: 0 PIDs: 0
Frames: 0 PIDs: 0
Frames: 0 PIDs: 0
Frames: 0 PIDs: 0
Frames: 0 PIDs: 0
Frames: 0 PIDs: 0
Frames: 0 PIDs: 0
Frames: 0 PIDs: 0
Frames: 0 PIDs: 0
Frames: 0 PIDs: 0
Frames: 0 PIDs: 0
Frames: 0 PIDs: 0
Frames: 0 PIDs: 0
Frames: 0 PIDs: 0
Frames: 0 PIDs: 0
Frames: 0 PIDs: 0
Frames: 0 PIDs: 0
Frames: 0 PIDs: 0
Frames: 0 PIDs: 0
Frames: 0 PIDs: 0
Frames: 0 PIDs: 0
Frames: 0 PIDs: 0
Frames: 0 PIDs: 0
Frames: 0 PIDs: 0
Frames: 0 PIDs: 0
Frames: 0 PIDs: 0
Frames: 0 PIDs: 0
Frames: 0 PIDs: 0
Frames: 0 PIDs: 0
Frames: 0 PIDs: 0
Frames: 0 PIDs: 0
Frames: 0 PIDs: 0
Frames: 0 PIDs: 0
Frames: 0 PIDs: 0
Frames: 0 PIDs: 0
Frames: 0 PIDs: 0
Frames: 0 PIDs: 0
Frames: 0 PIDs: 0
Frames: 0 PIDs: 0
Frames: 0 PIDs: 0
Frames: 0 PIDs: 0
Frames: 0 PIDs: 0
Frames: 0 PIDs: 0
Frames: 0 PIDs: 0
Frames: 0 PIDs: 0
Frames: 0 PIDs: 0
Frames: 0 PIDs: 0
Frames: 0 PIDs: 0
Frames: 0 PIDs: 0
Frames: 0 PIDs: 0
Frames: 0 PIDs: 0
Frames: 0 PIDs: 0
Frames: 0 PIDs: 0
Frames: 0 PIDs: 0
Frames: 0 PIDs: 0
Frames: 0 PIDs: 0
Frames: 0 PIDs: 0
Frames: 0 PIDs: 0
Frames: 0 PIDs: 0
Frames: 0 PIDs: 0
Frames: 0 PIDs: 0
Frames: 0 PIDs: 0
Frames: 0 PIDs: 0
Frames: 0 PIDs: 0
Frames: 0 PIDs: 0
Frames: 0 PIDs: 0
Frames: 0 PIDs: 0
Frames: 0 PIDs: 0
Frames: 0 PIDs: 0
Frames: 0 PIDs: 0
Frames: 0 PIDs: 0
Frames: 0 PIDs: 0
Frames: 0 PIDs: 0
Frames: 0 PIDs: 0
Frames: 0 PIDs: 0
Frames: 0 PIDs: 0
Frames: 0 PIDs: 0
Frames: 0 PIDs: 0
Frames: 0 PIDs: 0
Frames: 0 PIDs: 0
Frames: 0 PIDs: 0
Frames: 0 PIDs: 0
Frames: 0 PIDs: 0
Frames: 0 PIDs: 0
Frames: 0 PIDs: 0
Frames: 0 PIDs: 0
Frames: 0 PIDs: 0
Frames: 0 PIDs: 0
Frames: 0 PIDs: 0
Frames: 0 PIDs: 0
Frames: 0 PIDs: 0
Frames: 0 PIDs: 0
Frames: 0 PIDs: 0
Frames: 0 PIDs: 0
Frames: 0 PIDs: 0
Frames: 0 PIDs: 0
Frames: 0 PIDs: 0
Frames: 0 PIDs: 0
Frames: 0 PIDs: 0
Frames: 0 PIDs: 0
Frames: 0 PIDs: 0
Frames: 0 PIDs: 0
Frames: 0 PIDs: 0
Frames: 0 PIDs: 0
Frames: 0 PIDs: 0
Frames: 0 PIDs: 0
Frames: 0 PIDs: 0
Frames: 0 PIDs: 0
Frames: 0 PIDs: 0
Frames: 0 PIDs: 0
Frames: 0 PIDs: 0
Frames: 0 PIDs: 0
Frames: 0 PIDs: 0
Frames: 0 PIDs: 0
Frames: 0 PIDs: 0
Frames: 0 PIDs: 0
Frames: 0 PIDs: 0
Frames: 0 PIDs: 0
Frames: 0 PIDs: 0
Frames: 0 PIDs: 0
Frames: 0 PIDs: 0
Frames: 0 PIDs: 0
Frames: 0 PIDs: 0
Frames: 0 PIDs: 0
Frames: 0 PIDs: 0
Frames: 0 PIDs: 0
Frames: 0 PIDs: 0
Frames: 0 PIDs: 0
Frames: 0 PIDs: 0
Frames: 0 PIDs: 0
Frames: 0 PIDs: 0
Frames: 0 PIDs: 0
Frames: 0 PIDs: 0
Frames: 0 PIDs: 0
Frames: 0 PIDs: 0
Frames: 0 PIDs: 0
Frames: 0 PIDs: 0
Frames: 0 PIDs: 0
Frames: 0 PIDs: 0
Frames: 0 PIDs: 0
Frames: 0 PIDs: 0
Frames: 0 PIDs: 0
Frames: 0 PIDs: 0
Frames: 0 PIDs: 0
Frames: 0 PIDs: 0
Frames: 0 PIDs: 0
Frames: 0 PIDs: 0
Frames: 0 PIDs: 0
Frames: 0 PIDs: 0
Frames: 0 PIDs: 0
Frames: 0 PIDs: 0
Frames: 0 PIDs: 0
Frames: 0 PIDs: 0
Frames: 0 PIDs: 0
Frames: 0 PIDs: 0
Frames: 0 PIDs: 0
Frames: 0 PIDs: 0
Frames: 0 PIDs: 0
Frames: 0 PIDs: 0
Frames: 0 PIDs: 0
Frames: 0 PIDs: 0
Frames: 0 PIDs: 0
Frames: 0 PIDs: 0
Frames: 0 PIDs: 0
Frames: 0 PIDs: 0
Frames: 0 PIDs: 0
Frames: 0 PIDs: 0
Frames: 0 PIDs: 0
Frames: 0 PIDs: 0
Frames: 0 PIDs: 0
Frames: 0 PIDs: 0
Frames: 0 PIDs: 0
Frames: 0 PIDs: 0
Frames: 0 PIDs: 0
Frames: 0 PIDs: 0
Frames: 0 PIDs: 0
Frames: 0 PIDs: 0
Frames: 0 PIDs: 0
Frames: 0 PIDs: 0
Frames: 0 PIDs: 0
Frames: 0 PIDs: 0
Frames: 0 PIDs: 0
Frames: 0 PIDs: 0
Frames: 0 PIDs: 0
Frames: 0 PIDs: 0
Frames: 0 PIDs: 0
Frames: 0 PIDs: 0
Frames: 0 PIDs: 0
Frames: 0 PIDs: 0
Frames: 0 PIDs: 0
Frames: 0 PIDs: 0
Frames: 0 PIDs: 0
Frames: 0 PIDs: 0
Frames: 0 PIDs: 0
Frames: 0 PIDs: 0
Frames: 0 PIDs: 0
Frames: 0 PIDs: 0
Frames: 0 PIDs: 0
Frames: 0 PIDs: 0
Frames: 0 PIDs: 0
Frames: 0 PIDs: 0
Frames: 0 PIDs: 0
Frames: 0 PIDs: 0
Frames: 0 PIDs: 0
Frames: 0 PIDs: 0
Frames: 0 PIDs: 0
Frames: 0 PIDs: 0
Frames: 0 PIDs: 0
Frames: 0 PIDs: 0
Frames: 0 PIDs: 0
Frames: 0 PIDs: 0
Frames: 0 PIDs: 0
Frames: 0 PIDs: 0
Frames: 0 PIDs: 0
Frames: 0 PIDs: 0
Frames: 0 PIDs: 0
Frames: 0 PIDs: 0
Frames: 0 PIDs: 0
Frames: 0 PIDs: 0
Frames: 0 PIDs: 0
Frames: 0 PIDs: 0
Frames: 0 PIDs: 0
Frames: 0 PIDs: 0
Frames: 0 PIDs: 0
Frames: 0 PIDs: 0
Frames: 0 PIDs: 0
Frames: 0 PIDs: 0
Frames: 0 PIDs: 0
Frames: 0 PIDs: 0
Frames: 0 PIDs: 0
Frames: 0 PIDs: 0
Frames: 0 PIDs: 0
Frames: 0 PIDs: 0
Frames: 0 PIDs: 0
Frames: 0 PIDs: 0
Frames: 0 PIDs: 0
Frames: 0 PIDs: 0
Frames: 0 PIDs: 0
Frames: 0 PIDs: 0
Frames: 0 PIDs: 0
Frames: 0 PIDs: 0
Frames: 0 PIDs: 0
Frames: 0 PIDs: 0
Frames: 0 PIDs: 0
Frames: 0 PIDs: 0
Frames: 0 PIDs: 0
Frames: 0 PIDs: 0
Frames: 0 PIDs: 0
Frames: 0 PIDs: 0
Frames: 0 PIDs: 0
Frames: 0 PIDs: 0
Frames: 0 PIDs: 0
Frames: 0 PIDs: 0
Frames: 0 PIDs: 0
Frames: 0 PIDs: 0
Frames: 0 PIDs: 0
Frames: 0 PIDs: 0
Frames: 0 PIDs: 0
Frames: 0 PIDs: 0
Frames: 0 PIDs: 0
Frames: 0 PIDs: 0
Frames: 0 PIDs: 0
Frames: 0 PIDs: 0
Frames: 0 PIDs: 0
Frames: 0 PIDs: 0
Frames: 0 PIDs: 0
Frames: 0 PIDs: 0
Frames: 0 PIDs: 0
Frames: 0 PIDs: 0
Frames: 0 PIDs: 0
Frames: 0 PIDs: 0
Frames: 0 PIDs: 0
Frames: 0 PIDs: 0
Frames: 0 PIDs: 0
Frames: 0 PIDs: 0
Frames: 0 PIDs: 0
Frames: 0 PIDs: 0
Frames: 0 PIDs: 0
$ QEMU: Terminated
