whoami
shuh
ls


CPPLINT.cfg
cpplint.out
cpplint.py
fgetest
fgetest.c
file1.txt
h
k
loop
loop.c
Makefile
mysh
mysh1
mysh_1.c
mysh3.c
mysh.c
mysh.o
ok
oldmysh.c
output.10
tester
tests
tests-out
try
try2
try2.c
try.c
waittest
waittest.c
sleep 1
exit
